// Jest Snapshot v1, https://goo.gl/fbAQLP

exports[`Sampler renders sampler page according to snapshot 1`] = `
<div>
  <div>
    <h1>
      Sampler
    </h1>
  </div>
</div>
`;
