// Jest Snapshot v1, https://goo.gl/fbAQLP

exports[`Home renders homepage according to snapshot 1`] = `
<div>
  <div>
    <h1>
      Home Page
    </h1>
  </div>
</div>
`;
