// Jest Snapshot v1, https://goo.gl/fbAQLP

exports[`Library renders library page according to snapshot 1`] = `
<div>
  <div>
    <h1>
      Library
    </h1>
  </div>
</div>
`;
