// Jest Snapshot v1, https://goo.gl/fbAQLP

exports[`Login renders login page according to snapshot 1`] = `
<div>
  <div>
    <h1>
      Login Page
    </h1>
  </div>
</div>
`;
